core_cm3.h:1405:22:NVIC_SetPriority	16	static
core_cm3.h:1532:26:SysTick_Config	16	static
sysctl_17xx_40xx.h:153:20:Chip_SYSCTL_SetFLASHAccess	24	static
iocon_17xx_40xx.h:151:20:Chip_IOCON_Init	16	static
gpio_17xx_40xx.h:64:20:Chip_GPIO_Init	16	static
gpio_17xx_40xx.h:144:20:Chip_GPIO_SetPinDIROutput	16	static
gpio_17xx_40xx.h:156:20:Chip_GPIO_SetPinDIRInput	16	static
gpio_17xx_40xx.h:408:20:Chip_GPIO_SetPinOutHigh	16	static
gpio_17xx_40xx.h:450:20:Chip_GPIO_SetPinOutLow	16	static
DHT22.c:18:6:DemorauS	32	static
DHT22.c:35:10:expectPulse	16	static
DHT22.c:45:6:DHT22_update	368	static
DHT22.c:167:5:main	8	static
DHT22.c:195:6:SysTick_Handler	4	static
